[2026-06-05 15:11:50] [32minfo[39m: VAPID keys configured for push notifications
[2026-06-05 15:11:50] [32minfo[39m: CareerMap server running on port 5000
[2026-06-05 15:11:53] [32minfo[39m: Connected to MongoDB Atlas successfully
[2026-06-05 15:41:30] [32minfo[39m: VAPID keys configured for push notifications
[2026-06-05 15:41:30] [32minfo[39m: CareerMap server running on port 5000
[2026-06-05 15:41:32] [32minfo[39m: Connected to MongoDB Atlas successfully
[2026-06-05 15:45:15] [33mwarn[39m: 404 - Route not found: GET /api/auth/google
[2026-06-05 15:45:15] [33mwarn[39m: 404 - Route not found: GET /favicon.ico
[2026-06-05 15:47:34] [33mwarn[39m: 404 - Route not found: GET /api/auth/google
[2026-06-05 15:47:40] [33mwarn[39m: 404 - Route not found: GET /api/auth/google
[2026-06-05 15:48:31] [32minfo[39m: VAPID keys configured for push notifications
[2026-06-05 15:48:31] [32minfo[39m: CareerMap server running on port 5000
[2026-06-05 15:48:37] [32minfo[39m: Connected to MongoDB Atlas successfully
[2026-06-05 15:48:58] [31merror[39m: Google OAuth error: User validation failed: contactNumber: Path `contactNumber` is required.
[2026-06-05 15:48:58] [31merror[39m: Global error: User validation failed: contactNumber: Path `contactNumber` is required.
[2026-06-05 15:51:06] [32minfo[39m: VAPID keys configured for push notifications
[2026-06-05 15:51:06] [32minfo[39m: CareerMap server running on port 5000
[2026-06-05 15:51:10] [32minfo[39m: Connected to MongoDB Atlas successfully
[2026-06-05 15:51:11] [31merror[39m: Global error: Bad Request
[2026-06-05 15:51:20] [32minfo[39m: New Google user created: developerop11@gmail.com
[2026-06-05 15:51:20] [32minfo[39m: Google OAuth login: developerop11@gmail.com
[2026-06-05 15:52:00] [32minfo[39m: Existing Google user logged in: developerop11@gmail.com
[2026-06-05 15:52:00] [32minfo[39m: Google OAuth login: developerop11@gmail.com
[2026-06-05 15:54:16] [32minfo[39m: Existing Google user logged in: developerop11@gmail.com
[2026-06-05 15:54:16] [32minfo[39m: Google OAuth login: developerop11@gmail.com
[2026-06-05 15:58:32] [32minfo[39m: Existing Google user logged in: developerop11@gmail.com
[2026-06-05 15:58:32] [32minfo[39m: Google OAuth login: developerop11@gmail.com
[2026-06-05 15:59:58] [32minfo[39m: Existing Google user logged in: developerop11@gmail.com
[2026-06-05 15:59:58] [32minfo[39m: Google OAuth login: developerop11@gmail.com
[2026-06-05 16:01:29] [32minfo[39m: New Google user created: noobreactjs@gmail.com
[2026-06-05 16:01:29] [32minfo[39m: Google OAuth login: noobreactjs@gmail.com
[2026-06-05 16:06:43] [32minfo[39m: New user registered: student@test.com
[2026-06-05 16:07:32] [32minfo[39m: New user registered: advisor@test.com
[2026-06-05 16:08:16] [32minfo[39m: User logged in: student@test.com
